// Jest Snapshot v1, https://goo.gl/fbAQLP

exports[`renders AppointmentCard component correctly 1`] = `
<View
  accessible={true}
  collapsable={false}
  focusable={true}
  onBlur={[Function]}
  onClick={[Function]}
  onFocus={[Function]}
  onResponderGrant={[Function]}
  onResponderMove={[Function]}
  onResponderRelease={[Function]}
  onResponderTerminate={[Function]}
  onResponderTerminationRequest={[Function]}
  onStartShouldSetResponder={[Function]}
  style={
    [
      {
        "backgroundColor": "#F9A8E7",
      },
      {
        "borderRadius": 10,
      },
    ]
  }
>
  <View
    style={
      {
        "borderColor": "black",
        "borderWidth": 0.5,
        "flexDirection": "row",
        "justifyContent": "space-evenly",
        "padding": 10,
      }
    }
  >
    <Text
      style={
        [
          {
            "color": "#000000",
            "fontFamily": "System",
            "fontWeight": "400",
          },
          {
            "textAlign": "left",
          },
          {
            "textAlign": "center",
          },
        ]
      }
    >
      Slot: 
      1
    </Text>
    <Text
      style={
        [
          {
            "color": "#000000",
            "fontFamily": "System",
            "fontWeight": "400",
          },
          {
            "textAlign": "left",
          },
          {
            "textAlign": "center",
          },
        ]
      }
    >
      18:00
    </Text>
  </View>
</View>
`;
